new sweep run -> /Users/felixsantiago/Desktop/MichiganREU/RL_repo/Discrete_Geometry_Reu_Dearborn_2026/gnn_pyg_files/sweep/sweep_0
axes ['embedding_size'] | 6 configs x 10 seeds = 60 runs | budget 12.0h | done 0
writing -> /Users/felixsantiago/Desktop/MichiganREU/RL_repo/Discrete_Geometry_Reu_Dearborn_2026/gnn_pyg_files/sweep/sweep_0/summary.csv

running 60 trials with 12 parallel worker(s)

[1/60] -> trial 0 (baseline) seed 0
[2/60] -> trial 1 (embedding_size=16) seed 0
[3/60] -> trial 2 (embedding_size=32) seed 0
[4/60] -> trial 3 (embedding_size=64) seed 0
[5/60] -> trial 4 (embedding_size=128) seed 0
[6/60] -> trial 5 (embedding_size=256) seed 0
[7/60] -> trial 0 (baseline) seed 1
[8/60] -> trial 1 (embedding_size=16) seed 1
[9/60] -> trial 2 (embedding_size=32) seed 1
[10/60] -> trial 3 (embedding_size=64) seed 1
[11/60] -> trial 4 (embedding_size=128) seed 1
[12/60] -> trial 5 (embedding_size=256) seed 1
     <- [1/60] trial 4 (embedding_size=128) seed 1: score=7.81 res=0.99 tie=0.5354  [5105.0s]
[13/60] -> trial 0 (baseline) seed 2
     <- [2/60] trial 2 (embedding_size=32) seed 1: score=9.26 res=0.98 tie=0.551  [5401.7s]
[14/60] -> trial 1 (embedding_size=16) seed 2
     <- [3/60] trial 0 (baseline) seed 0: score=4.75 res=1.0 tie=0.59  [5936.6s]
[15/60] -> trial 2 (embedding_size=32) seed 2
     <- [4/60] trial 0 (baseline) seed 1: score=6.4 res=0.99 tie=0.596  [6156.0s]
[16/60] -> trial 3 (embedding_size=64) seed 2
     <- [5/60] trial 5 (embedding_size=256) seed 0: score=8.14 res=0.98 tie=0.5612  [6215.1s]
[17/60] -> trial 4 (embedding_size=128) seed 2
     <- [6/60] trial 1 (embedding_size=16) seed 0: score=9.69 res=0.95 tie=0.5474  [6396.6s]
[18/60] -> trial 5 (embedding_size=256) seed 2
     <- [7/60] trial 3 (embedding_size=64) seed 1: score=8.95 res=0.96 tie=0.5417  [6630.1s]
[19/60] -> trial 0 (baseline) seed 3
     <- [8/60] trial 2 (embedding_size=32) seed 0: score=9.54 res=0.95 tie=0.5368  [6712.4s]
[20/60] -> trial 1 (embedding_size=16) seed 3
     <- [9/60] trial 4 (embedding_size=128) seed 0: score=7.81 res=0.95 tie=0.5789  [6886.9s]
[21/60] -> trial 2 (embedding_size=32) seed 3
     <- [10/60] trial 1 (embedding_size=16) seed 1: score=8.83 res=0.94 tie=0.5957  [7198.0s]
[22/60] -> trial 3 (embedding_size=64) seed 3
     <- [11/60] trial 3 (embedding_size=64) seed 0: score=9.63 res=0.95 tie=0.5053  [8782.6s]
[23/60] -> trial 4 (embedding_size=128) seed 3
     <- [12/60] trial 5 (embedding_size=256) seed 1: score=7.51 res=0.98 tie=0.5918  [9302.1s]
[24/60] -> trial 5 (embedding_size=256) seed 3
     <- [13/60] trial 1 (embedding_size=16) seed 2: score=6.04 res=0.97 tie=0.6082  [4509.5s]
[25/60] -> trial 0 (baseline) seed 4
     <- [14/60] trial 0 (baseline) seed 2: score=5.02 res=0.99 tie=0.596  [4834.3s]
[26/60] -> trial 1 (embedding_size=16) seed 4
     <- [15/60] trial 1 (embedding_size=16) seed 3: score=7.93 res=0.95 tie=0.6316  [5358.7s]
[27/60] -> trial 2 (embedding_size=32) seed 4
     <- [16/60] trial 0 (baseline) seed 3: score=10.61 res=0.98 tie=0.4694  [5507.8s]
[28/60] -> trial 3 (embedding_size=64) seed 4
     <- [17/60] trial 2 (embedding_size=32) seed 3: score=9.42 res=0.97 tie=0.4948  [5380.6s]
[29/60] -> trial 4 (embedding_size=128) seed 4
     <- [18/60] trial 3 (embedding_size=64) seed 3: score=7.99 res=0.99 tie=0.5253  [5133.6s]
[30/60] -> trial 5 (embedding_size=256) seed 4
     <- [19/60] trial 4 (embedding_size=128) seed 2: score=10.8 res=0.95 tie=0.4947  [6272.6s]
[31/60] -> trial 0 (baseline) seed 5
     <- [20/60] trial 3 (embedding_size=64) seed 2: score=11.2 res=0.96 tie=0.4896  [6351.8s]
[32/60] -> trial 1 (embedding_size=16) seed 5
     <- [21/60] trial 2 (embedding_size=32) seed 2: score=9.18 res=0.95 tie=0.5684  [7186.9s]
[33/60] -> trial 2 (embedding_size=32) seed 5
     <- [22/60] trial 5 (embedding_size=256) seed 2: score=9.77 res=0.96 tie=0.5208  [8498.9s]
[34/60] -> trial 3 (embedding_size=64) seed 5
     <- [23/60] trial 4 (embedding_size=128) seed 3: score=6.32 res=0.98 tie=0.5102  [6139.3s]
[35/60] -> trial 4 (embedding_size=128) seed 5
     <- [24/60] trial 5 (embedding_size=256) seed 3: score=9.81 res=0.98 tie=0.4592  [5712.9s]
[36/60] -> trial 5 (embedding_size=256) seed 5
     <- [25/60] trial 1 (embedding_size=16) seed 4: score=5.37 res=0.98 tie=0.6122  [6944.8s]
[37/60] -> trial 0 (baseline) seed 6
     <- [26/60] trial 1 (embedding_size=16) seed 5: score=5.18 res=0.99 tie=0.5253  [4951.2s]
[38/60] -> trial 1 (embedding_size=16) seed 6
     <- [27/60] trial 0 (baseline) seed 4: score=8.37 res=0.97 tie=0.5979  [8000.4s]
[39/60] -> trial 2 (embedding_size=32) seed 6
     <- [28/60] trial 2 (embedding_size=32) seed 5: score=6.99 res=0.99 tie=0.5556  [4902.4s]
[40/60] -> trial 3 (embedding_size=64) seed 6
     <- [29/60] trial 2 (embedding_size=32) seed 4: score=8.79 res=0.95 tie=0.5579  [6953.0s]
[41/60] -> trial 4 (embedding_size=128) seed 6
     <- [30/60] trial 4 (embedding_size=128) seed 5: score=5.83 res=1.0 tie=0.43  [4381.1s]
[42/60] -> trial 5 (embedding_size=256) seed 6
     <- [31/60] trial 5 (embedding_size=256) seed 4: score=9.71 res=0.97 tie=0.5155  [7223.4s]
[43/60] -> trial 0 (baseline) seed 7
     <- [32/60] trial 3 (embedding_size=64) seed 5: score=5.72 res=0.99 tie=0.596  [4739.7s]
[44/60] -> trial 1 (embedding_size=16) seed 7
     <- [33/60] trial 0 (baseline) seed 5: score=9.24 res=0.97 tie=0.6082  [7403.5s]
[45/60] -> trial 2 (embedding_size=32) seed 7
     <- [34/60] trial 4 (embedding_size=128) seed 4: score=8.73 res=0.98 tie=0.5  [7866.0s]
[46/60] -> trial 3 (embedding_size=64) seed 7
     <- [35/60] trial 3 (embedding_size=64) seed 4: score=10.44 res=0.95 tie=0.5368  [8563.1s]
[47/60] -> trial 4 (embedding_size=128) seed 7
     <- [36/60] trial 5 (embedding_size=256) seed 5: score=4.96 res=1.0 tie=0.49  [7013.1s]
[48/60] -> trial 5 (embedding_size=256) seed 7
     <- [37/60] trial 1 (embedding_size=16) seed 6: score=12.19 res=0.95 tie=0.4842  [6152.7s]
[49/60] -> trial 0 (baseline) seed 8
     <- [38/60] trial 0 (baseline) seed 6: score=11.56 res=0.95 tie=0.4737  [6931.3s]
[50/60] -> trial 1 (embedding_size=16) seed 8
     <- [39/60] trial 2 (embedding_size=32) seed 6: score=10.18 res=0.97 tie=0.4742  [6049.7s]
[51/60] -> trial 2 (embedding_size=32) seed 8
     <- [40/60] trial 3 (embedding_size=64) seed 6: score=9.98 res=0.94 tie=0.5213  [6933.7s]
[52/60] -> trial 3 (embedding_size=64) seed 8
